\BOOKMARK [0][-]{chapter.1}{\376\377\0001\000\040\000D\000i\000r\000e\000c\000t\000o\000r\000y\000\040\000H\000i\000e\000r\000a\000r\000c\000h\000y}{}% 1
\BOOKMARK [1][-]{section.1.1}{\376\377\0001\000.\0001\000\040\000D\000i\000r\000e\000c\000t\000o\000r\000i\000e\000s}{chapter.1}% 2
\BOOKMARK [0][-]{chapter.2}{\376\377\0002\000\040\000N\000a\000m\000e\000s\000p\000a\000c\000e\000\040\000I\000n\000d\000e\000x}{}% 3
\BOOKMARK [1][-]{section.2.1}{\376\377\0002\000.\0001\000\040\000N\000a\000m\000e\000s\000p\000a\000c\000e\000\040\000L\000i\000s\000t}{chapter.2}% 4
\BOOKMARK [0][-]{chapter.3}{\376\377\0003\000\040\000C\000l\000a\000s\000s\000\040\000I\000n\000d\000e\000x}{}% 5
\BOOKMARK [1][-]{section.3.1}{\376\377\0003\000.\0001\000\040\000C\000l\000a\000s\000s\000\040\000L\000i\000s\000t}{chapter.3}% 6
\BOOKMARK [0][-]{chapter.4}{\376\377\0004\000\040\000F\000i\000l\000e\000\040\000I\000n\000d\000e\000x}{}% 7
\BOOKMARK [1][-]{section.4.1}{\376\377\0004\000.\0001\000\040\000F\000i\000l\000e\000\040\000L\000i\000s\000t}{chapter.4}% 8
\BOOKMARK [0][-]{chapter.5}{\376\377\0005\000\040\000D\000i\000r\000e\000c\000t\000o\000r\000y\000\040\000D\000o\000c\000u\000m\000e\000n\000t\000a\000t\000i\000o\000n}{}% 9
\BOOKMARK [1][-]{section.5.1}{\376\377\0005\000.\0001\000\040\000P\000r\000o\000j\000e\000c\000t\000\040\000I\000I\000\040\000S\000l\000i\000d\000e\000r\000\040\000G\000a\000m\000e\000\040\000D\000i\000r\000e\000c\000t\000o\000r\000y\000\040\000R\000e\000f\000e\000r\000e\000n\000c\000e}{chapter.5}% 10
\BOOKMARK [0][-]{chapter.6}{\376\377\0006\000\040\000N\000a\000m\000e\000s\000p\000a\000c\000e\000\040\000D\000o\000c\000u\000m\000e\000n\000t\000a\000t\000i\000o\000n}{}% 11
\BOOKMARK [1][-]{section.6.1}{\376\377\0006\000.\0001\000\040\000S\000l\000i\000d\000i\000n\000g\000T\000i\000l\000e\000s\000D\000a\000t\000a\000\040\000N\000a\000m\000e\000s\000p\000a\000c\000e\000\040\000R\000e\000f\000e\000r\000e\000n\000c\000e}{chapter.6}% 12
\BOOKMARK [2][-]{subsection.6.1.1}{\376\377\0006\000.\0001\000.\0001\000\040\000D\000e\000t\000a\000i\000l\000e\000d\000\040\000D\000e\000s\000c\000r\000i\000p\000t\000i\000o\000n}{section.6.1}% 13
\BOOKMARK [2][-]{subsection.6.1.2}{\376\377\0006\000.\0001\000.\0002\000\040\000V\000a\000r\000i\000a\000b\000l\000e\000\040\000D\000o\000c\000u\000m\000e\000n\000t\000a\000t\000i\000o\000n}{section.6.1}% 14
\BOOKMARK [3][-]{subsubsection.6.1.2.1}{\376\377\0006\000.\0001\000.\0002\000.\0001\000\040\000b\000o\000a\000r\000d}{subsection.6.1.2}% 15
\BOOKMARK [3][-]{subsubsection.6.1.2.2}{\376\377\0006\000.\0001\000.\0002\000.\0002\000\040\000b\000o\000a\000r\000d\000S\000i\000z\000e}{subsection.6.1.2}% 16
\BOOKMARK [3][-]{subsubsection.6.1.2.3}{\376\377\0006\000.\0001\000.\0002\000.\0003\000\040\000c\000u\000r\000r\000e\000n\000t\000C\000o\000l\000u\000m\000n}{subsection.6.1.2}% 17
\BOOKMARK [3][-]{subsubsection.6.1.2.4}{\376\377\0006\000.\0001\000.\0002\000.\0004\000\040\000c\000u\000r\000r\000e\000n\000t\000D\000i\000f\000f\000i\000c\000u\000l\000t\000y}{subsection.6.1.2}% 18
\BOOKMARK [3][-]{subsubsection.6.1.2.5}{\376\377\0006\000.\0001\000.\0002\000.\0005\000\040\000c\000u\000r\000r\000e\000n\000t\000R\000o\000w}{subsection.6.1.2}% 19
\BOOKMARK [3][-]{subsubsection.6.1.2.6}{\376\377\0006\000.\0001\000.\0002\000.\0006\000\040\000s\000l\000i\000d\000e\000s}{subsection.6.1.2}% 20
\BOOKMARK [1][-]{section.6.2}{\376\377\0006\000.\0002\000\040\000S\000l\000i\000d\000i\000n\000g\000T\000i\000l\000e\000s\000E\000n\000u\000m\000s\000\040\000N\000a\000m\000e\000s\000p\000a\000c\000e\000\040\000R\000e\000f\000e\000r\000e\000n\000c\000e}{chapter.6}% 21
\BOOKMARK [2][-]{subsection.6.2.1}{\376\377\0006\000.\0002\000.\0001\000\040\000D\000e\000t\000a\000i\000l\000e\000d\000\040\000D\000e\000s\000c\000r\000i\000p\000t\000i\000o\000n}{section.6.2}% 22
\BOOKMARK [2][-]{subsection.6.2.2}{\376\377\0006\000.\0002\000.\0002\000\040\000E\000n\000u\000m\000e\000r\000a\000t\000i\000o\000n\000\040\000T\000y\000p\000e\000\040\000D\000o\000c\000u\000m\000e\000n\000t\000a\000t\000i\000o\000n}{section.6.2}% 23
\BOOKMARK [3][-]{subsubsection.6.2.2.1}{\376\377\0006\000.\0002\000.\0002\000.\0001\000\040\000D\000i\000f\000f\000i\000c\000u\000l\000t\000y}{subsection.6.2.2}% 24
\BOOKMARK [3][-]{subsubsection.6.2.2.2}{\376\377\0006\000.\0002\000.\0002\000.\0002\000\040\000D\000i\000r\000e\000c\000t\000i\000o\000n}{subsection.6.2.2}% 25
\BOOKMARK [1][-]{section.6.3}{\376\377\0006\000.\0003\000\040\000S\000l\000i\000d\000i\000n\000g\000T\000i\000l\000e\000s\000F\000u\000n\000c\000t\000i\000o\000n\000s\000\040\000N\000a\000m\000e\000s\000p\000a\000c\000e\000\040\000R\000e\000f\000e\000r\000e\000n\000c\000e}{chapter.6}% 26
\BOOKMARK [2][-]{subsection.6.3.1}{\376\377\0006\000.\0003\000.\0001\000\040\000D\000e\000t\000a\000i\000l\000e\000d\000\040\000D\000e\000s\000c\000r\000i\000p\000t\000i\000o\000n}{section.6.3}% 27
\BOOKMARK [2][-]{subsection.6.3.2}{\376\377\0006\000.\0003\000.\0002\000\040\000F\000u\000n\000c\000t\000i\000o\000n\000\040\000D\000o\000c\000u\000m\000e\000n\000t\000a\000t\000i\000o\000n}{section.6.3}% 28
\BOOKMARK [3][-]{subsubsection.6.3.2.1}{\376\377\0006\000.\0003\000.\0002\000.\0001\000\040\000i\000s\000B\000o\000a\000r\000d\000O\000r\000d\000e\000r\000e\000d\000\050\000\051}{subsection.6.3.2}% 29
\BOOKMARK [3][-]{subsubsection.6.3.2.2}{\376\377\0006\000.\0003\000.\0002\000.\0002\000\040\000l\000o\000a\000d\000S\000c\000o\000r\000e\000s\000\050\000\051}{subsection.6.3.2}% 30
\BOOKMARK [3][-]{subsubsection.6.3.2.3}{\376\377\0006\000.\0003\000.\0002\000.\0003\000\040\000s\000h\000u\000f\000f\000l\000e\000\050\000\051}{subsection.6.3.2}% 31
\BOOKMARK [3][-]{subsubsection.6.3.2.4}{\376\377\0006\000.\0003\000.\0002\000.\0004\000\040\000s\000l\000i\000d\000e\000\050\000\051}{subsection.6.3.2}% 32
\BOOKMARK [3][-]{subsubsection.6.3.2.5}{\376\377\0006\000.\0003\000.\0002\000.\0005\000\040\000s\000t\000a\000r\000t\000G\000a\000m\000e\000\050\000\051}{subsection.6.3.2}% 33
\BOOKMARK [3][-]{subsubsection.6.3.2.6}{\376\377\0006\000.\0003\000.\0002\000.\0006\000\040\000w\000r\000i\000t\000e\000S\000c\000o\000r\000e\000\050\000\051}{subsection.6.3.2}% 34
\BOOKMARK [1][-]{section.6.4}{\376\377\0006\000.\0004\000\040\000S\000l\000i\000d\000i\000n\000g\000T\000i\000l\000e\000s\000F\000u\000n\000c\000t\000i\000o\000n\000s\000H\000e\000l\000p\000e\000r\000s\000\040\000N\000a\000m\000e\000s\000p\000a\000c\000e\000\040\000R\000e\000f\000e\000r\000e\000n\000c\000e}{chapter.6}% 35
\BOOKMARK [2][-]{subsection.6.4.1}{\376\377\0006\000.\0004\000.\0001\000\040\000D\000e\000t\000a\000i\000l\000e\000d\000\040\000D\000e\000s\000c\000r\000i\000p\000t\000i\000o\000n}{section.6.4}% 36
\BOOKMARK [2][-]{subsection.6.4.2}{\376\377\0006\000.\0004\000.\0002\000\040\000F\000u\000n\000c\000t\000i\000o\000n\000\040\000D\000o\000c\000u\000m\000e\000n\000t\000a\000t\000i\000o\000n}{section.6.4}% 37
\BOOKMARK [3][-]{subsubsection.6.4.2.1}{\376\377\0006\000.\0004\000.\0002\000.\0001\000\040\000g\000e\000t\000O\000p\000p\000o\000s\000i\000t\000e\000\050\000\051}{subsection.6.4.2}% 38
\BOOKMARK [3][-]{subsubsection.6.4.2.2}{\376\377\0006\000.\0004\000.\0002\000.\0002\000\040\000g\000e\000t\000R\000a\000n\000d\000o\000m\000D\000i\000r\000e\000c\000t\000i\000o\000n\000\050\000\051}{subsection.6.4.2}% 39
\BOOKMARK [2][-]{subsection.6.4.3}{\376\377\0006\000.\0004\000.\0003\000\040\000V\000a\000r\000i\000a\000b\000l\000e\000\040\000D\000o\000c\000u\000m\000e\000n\000t\000a\000t\000i\000o\000n}{section.6.4}% 40
\BOOKMARK [3][-]{subsubsection.6.4.3.1}{\376\377\0006\000.\0004\000.\0003\000.\0001\000\040\000L\000E\000A\000D\000E\000R\000B\000O\000A\000R\000D\000\137\000S\000I\000Z\000E}{subsection.6.4.3}% 41
\BOOKMARK [1][-]{section.6.5}{\376\377\0006\000.\0005\000\040\000U\000s\000e\000r\000F\000u\000n\000c\000t\000i\000o\000n\000s\000\040\000N\000a\000m\000e\000s\000p\000a\000c\000e\000\040\000R\000e\000f\000e\000r\000e\000n\000c\000e}{chapter.6}% 42
\BOOKMARK [2][-]{subsection.6.5.1}{\376\377\0006\000.\0005\000.\0001\000\040\000D\000e\000t\000a\000i\000l\000e\000d\000\040\000D\000e\000s\000c\000r\000i\000p\000t\000i\000o\000n}{section.6.5}% 43
\BOOKMARK [2][-]{subsection.6.5.2}{\376\377\0006\000.\0005\000.\0002\000\040\000F\000u\000n\000c\000t\000i\000o\000n\000\040\000D\000o\000c\000u\000m\000e\000n\000t\000a\000t\000i\000o\000n}{section.6.5}% 44
\BOOKMARK [3][-]{subsubsection.6.5.2.1}{\376\377\0006\000.\0005\000.\0002\000.\0001\000\040\000p\000e\000r\000f\000o\000r\000m\000S\000l\000i\000d\000e\000\050\000\051}{subsection.6.5.2}% 45
\BOOKMARK [3][-]{subsubsection.6.5.2.2}{\376\377\0006\000.\0005\000.\0002\000.\0002\000\040\000s\000e\000l\000e\000c\000t\000D\000i\000f\000f\000i\000c\000u\000l\000t\000y\000\050\000\051}{subsection.6.5.2}% 46
\BOOKMARK [1][-]{section.6.6}{\376\377\0006\000.\0006\000\040\000U\000s\000e\000r\000F\000u\000n\000c\000t\000i\000o\000n\000s\000H\000e\000l\000p\000e\000r\000s\000\040\000N\000a\000m\000e\000s\000p\000a\000c\000e\000\040\000R\000e\000f\000e\000r\000e\000n\000c\000e}{chapter.6}% 47
\BOOKMARK [2][-]{subsection.6.6.1}{\376\377\0006\000.\0006\000.\0001\000\040\000D\000e\000t\000a\000i\000l\000e\000d\000\040\000D\000e\000s\000c\000r\000i\000p\000t\000i\000o\000n}{section.6.6}% 48
\BOOKMARK [2][-]{subsection.6.6.2}{\376\377\0006\000.\0006\000.\0002\000\040\000F\000u\000n\000c\000t\000i\000o\000n\000\040\000D\000o\000c\000u\000m\000e\000n\000t\000a\000t\000i\000o\000n}{section.6.6}% 49
\BOOKMARK [3][-]{subsubsection.6.6.2.1}{\376\377\0006\000.\0006\000.\0002\000.\0001\000\040\000c\000o\000n\000t\000i\000n\000u\000e\000G\000a\000m\000e\000\050\000\051}{subsection.6.6.2}% 50
\BOOKMARK [3][-]{subsubsection.6.6.2.2}{\376\377\0006\000.\0006\000.\0002\000.\0002\000\040\000p\000r\000i\000n\000t\000B\000o\000a\000r\000d\000\050\000\051}{subsection.6.6.2}% 51
\BOOKMARK [3][-]{subsubsection.6.6.2.3}{\376\377\0006\000.\0006\000.\0002\000.\0003\000\040\000p\000r\000i\000n\000t\000L\000e\000a\000d\000e\000r\000b\000o\000a\000r\000d\000\050\000\051}{subsection.6.6.2}% 52
\BOOKMARK [3][-]{subsubsection.6.6.2.4}{\376\377\0006\000.\0006\000.\0002\000.\0004\000\040\000s\000t\000a\000r\000t\000G\000a\000m\000e\000\050\000\051}{subsection.6.6.2}% 53
\BOOKMARK [3][-]{subsubsection.6.6.2.5}{\376\377\0006\000.\0006\000.\0002\000.\0005\000\040\000t\000r\000y\000S\000l\000i\000d\000e\000\050\000\051}{subsection.6.6.2}% 54
\BOOKMARK [0][-]{chapter.7}{\376\377\0007\000\040\000C\000l\000a\000s\000s\000\040\000D\000o\000c\000u\000m\000e\000n\000t\000a\000t\000i\000o\000n}{}% 55
\BOOKMARK [1][-]{section.7.1}{\376\377\0007\000.\0001\000\040\000B\000o\000a\000r\000d\000\040\000C\000l\000a\000s\000s\000\040\000R\000e\000f\000e\000r\000e\000n\000c\000e}{chapter.7}% 56
\BOOKMARK [2][-]{subsection.7.1.1}{\376\377\0007\000.\0001\000.\0001\000\040\000D\000e\000t\000a\000i\000l\000e\000d\000\040\000D\000e\000s\000c\000r\000i\000p\000t\000i\000o\000n}{section.7.1}% 57
\BOOKMARK [2][-]{subsection.7.1.2}{\376\377\0007\000.\0001\000.\0002\000\040\000C\000o\000n\000s\000t\000r\000u\000c\000t\000o\000r\000\040\000\046\000\040\000D\000e\000s\000t\000r\000u\000c\000t\000o\000r\000\040\000D\000o\000c\000u\000m\000e\000n\000t\000a\000t\000i\000o\000n}{section.7.1}% 58
\BOOKMARK [3][-]{subsubsection.7.1.2.1}{\376\377\0007\000.\0001\000.\0002\000.\0001\000\040\000B\000o\000a\000r\000d\000\050\000\051\000\040\000[\0001\000/\0002\000]}{subsection.7.1.2}% 59
\BOOKMARK [3][-]{subsubsection.7.1.2.2}{\376\377\0007\000.\0001\000.\0002\000.\0002\000\040\000B\000o\000a\000r\000d\000\050\000\051\000\040\000[\0002\000/\0002\000]}{subsection.7.1.2}% 60
\BOOKMARK [2][-]{subsection.7.1.3}{\376\377\0007\000.\0001\000.\0003\000\040\000M\000e\000m\000b\000e\000r\000\040\000F\000u\000n\000c\000t\000i\000o\000n\000\040\000D\000o\000c\000u\000m\000e\000n\000t\000a\000t\000i\000o\000n}{section.7.1}% 61
\BOOKMARK [3][-]{subsubsection.7.1.3.1}{\376\377\0007\000.\0001\000.\0003\000.\0001\000\040\000a\000c\000c\000e\000s\000s\000\050\000\051\000\040\000[\0001\000/\0002\000]}{subsection.7.1.3}% 62
\BOOKMARK [3][-]{subsubsection.7.1.3.2}{\376\377\0007\000.\0001\000.\0003\000.\0002\000\040\000a\000c\000c\000e\000s\000s\000\050\000\051\000\040\000[\0002\000/\0002\000]}{subsection.7.1.3}% 63
\BOOKMARK [3][-]{subsubsection.7.1.3.3}{\376\377\0007\000.\0001\000.\0003\000.\0003\000\040\000c\000a\000n\000A\000c\000c\000e\000s\000s\000\050\000\051\000\040\000[\0001\000/\0002\000]}{subsection.7.1.3}% 64
\BOOKMARK [3][-]{subsubsection.7.1.3.4}{\376\377\0007\000.\0001\000.\0003\000.\0004\000\040\000c\000a\000n\000A\000c\000c\000e\000s\000s\000\050\000\051\000\040\000[\0002\000/\0002\000]}{subsection.7.1.3}% 65
\BOOKMARK [3][-]{subsubsection.7.1.3.5}{\376\377\0007\000.\0001\000.\0003\000.\0005\000\040\000h\000a\000s\000E\000m\000p\000t\000y\000R\000o\000w\000\050\000\051}{subsection.7.1.3}% 66
\BOOKMARK [2][-]{subsection.7.1.4}{\376\377\0007\000.\0001\000.\0004\000\040\000M\000e\000m\000b\000e\000r\000\040\000D\000a\000t\000a\000\040\000D\000o\000c\000u\000m\000e\000n\000t\000a\000t\000i\000o\000n}{section.7.1}% 67
\BOOKMARK [3][-]{subsubsection.7.1.4.1}{\376\377\0007\000.\0001\000.\0004\000.\0001\000\040\000b\000o\000a\000r\000d}{subsection.7.1.4}% 68
\BOOKMARK [0][-]{chapter.8}{\376\377\0008\000\040\000F\000i\000l\000e\000\040\000D\000o\000c\000u\000m\000e\000n\000t\000a\000t\000i\000o\000n}{}% 69
\BOOKMARK [1][-]{section.8.1}{\376\377\0008\000.\0001\000\040\000B\000o\000a\000r\000d\000.\000c\000p\000p\000\040\000F\000i\000l\000e\000\040\000R\000e\000f\000e\000r\000e\000n\000c\000e}{chapter.8}% 70
\BOOKMARK [2][-]{subsection.8.1.1}{\376\377\0008\000.\0001\000.\0001\000\040\000D\000e\000t\000a\000i\000l\000e\000d\000\040\000D\000e\000s\000c\000r\000i\000p\000t\000i\000o\000n}{section.8.1}% 71
\BOOKMARK [1][-]{section.8.2}{\376\377\0008\000.\0002\000\040\000B\000o\000a\000r\000d\000.\000c\000p\000p}{chapter.8}% 72
\BOOKMARK [1][-]{section.8.3}{\376\377\0008\000.\0003\000\040\000B\000o\000a\000r\000d\000.\000h\000p\000p\000\040\000F\000i\000l\000e\000\040\000R\000e\000f\000e\000r\000e\000n\000c\000e}{chapter.8}% 73
\BOOKMARK [2][-]{subsection.8.3.1}{\376\377\0008\000.\0003\000.\0001\000\040\000D\000e\000t\000a\000i\000l\000e\000d\000\040\000D\000e\000s\000c\000r\000i\000p\000t\000i\000o\000n}{section.8.3}% 74
\BOOKMARK [1][-]{section.8.4}{\376\377\0008\000.\0004\000\040\000B\000o\000a\000r\000d\000.\000h\000p\000p}{chapter.8}% 75
\BOOKMARK [1][-]{section.8.5}{\376\377\0008\000.\0005\000\040\000M\000a\000i\000n\000.\000c\000p\000p\000\040\000F\000i\000l\000e\000\040\000R\000e\000f\000e\000r\000e\000n\000c\000e}{chapter.8}% 76
\BOOKMARK [2][-]{subsection.8.5.1}{\376\377\0008\000.\0005\000.\0001\000\040\000D\000e\000t\000a\000i\000l\000e\000d\000\040\000D\000e\000s\000c\000r\000i\000p\000t\000i\000o\000n}{section.8.5}% 77
\BOOKMARK [2][-]{subsection.8.5.2}{\376\377\0008\000.\0005\000.\0002\000\040\000F\000u\000n\000c\000t\000i\000o\000n\000\040\000D\000o\000c\000u\000m\000e\000n\000t\000a\000t\000i\000o\000n}{section.8.5}% 78
\BOOKMARK [3][-]{subsubsection.8.5.2.1}{\376\377\0008\000.\0005\000.\0002\000.\0001\000\040\000m\000a\000i\000n\000\050\000\051}{subsection.8.5.2}% 79
\BOOKMARK [1][-]{section.8.6}{\376\377\0008\000.\0006\000\040\000M\000a\000i\000n\000.\000c\000p\000p}{chapter.8}% 80
\BOOKMARK [1][-]{section.8.7}{\376\377\0008\000.\0007\000\040\000S\000l\000i\000d\000i\000n\000g\000T\000i\000l\000e\000s\000D\000a\000t\000a\000.\000c\000p\000p\000\040\000F\000i\000l\000e\000\040\000R\000e\000f\000e\000r\000e\000n\000c\000e}{chapter.8}% 81
\BOOKMARK [2][-]{subsection.8.7.1}{\376\377\0008\000.\0007\000.\0001\000\040\000D\000e\000t\000a\000i\000l\000e\000d\000\040\000D\000e\000s\000c\000r\000i\000p\000t\000i\000o\000n}{section.8.7}% 82
\BOOKMARK [1][-]{section.8.8}{\376\377\0008\000.\0008\000\040\000S\000l\000i\000d\000i\000n\000g\000T\000i\000l\000e\000s\000D\000a\000t\000a\000.\000c\000p\000p}{chapter.8}% 83
\BOOKMARK [1][-]{section.8.9}{\376\377\0008\000.\0009\000\040\000S\000l\000i\000d\000i\000n\000g\000T\000i\000l\000e\000s\000D\000a\000t\000a\000.\000h\000p\000p\000\040\000F\000i\000l\000e\000\040\000R\000e\000f\000e\000r\000e\000n\000c\000e}{chapter.8}% 84
\BOOKMARK [2][-]{subsection.8.9.1}{\376\377\0008\000.\0009\000.\0001\000\040\000D\000e\000t\000a\000i\000l\000e\000d\000\040\000D\000e\000s\000c\000r\000i\000p\000t\000i\000o\000n}{section.8.9}% 85
\BOOKMARK [1][-]{section.8.10}{\376\377\0008\000.\0001\0000\000\040\000S\000l\000i\000d\000i\000n\000g\000T\000i\000l\000e\000s\000D\000a\000t\000a\000.\000h\000p\000p}{chapter.8}% 86
\BOOKMARK [1][-]{section.8.11}{\376\377\0008\000.\0001\0001\000\040\000S\000l\000i\000d\000i\000n\000g\000T\000i\000l\000e\000s\000E\000n\000u\000m\000s\000.\000h\000p\000p\000\040\000F\000i\000l\000e\000\040\000R\000e\000f\000e\000r\000e\000n\000c\000e}{chapter.8}% 87
\BOOKMARK [2][-]{subsection.8.11.1}{\376\377\0008\000.\0001\0001\000.\0001\000\040\000D\000e\000t\000a\000i\000l\000e\000d\000\040\000D\000e\000s\000c\000r\000i\000p\000t\000i\000o\000n}{section.8.11}% 88
\BOOKMARK [1][-]{section.8.12}{\376\377\0008\000.\0001\0002\000\040\000S\000l\000i\000d\000i\000n\000g\000T\000i\000l\000e\000s\000E\000n\000u\000m\000s\000.\000h\000p\000p}{chapter.8}% 89
\BOOKMARK [1][-]{section.8.13}{\376\377\0008\000.\0001\0003\000\040\000S\000l\000i\000d\000i\000n\000g\000T\000i\000l\000e\000s\000F\000u\000n\000c\000t\000i\000o\000n\000s\000.\000c\000p\000p\000\040\000F\000i\000l\000e\000\040\000R\000e\000f\000e\000r\000e\000n\000c\000e}{chapter.8}% 90
\BOOKMARK [2][-]{subsection.8.13.1}{\376\377\0008\000.\0001\0003\000.\0001\000\040\000D\000e\000t\000a\000i\000l\000e\000d\000\040\000D\000e\000s\000c\000r\000i\000p\000t\000i\000o\000n}{section.8.13}% 91
\BOOKMARK [1][-]{section.8.14}{\376\377\0008\000.\0001\0004\000\040\000S\000l\000i\000d\000i\000n\000g\000T\000i\000l\000e\000s\000F\000u\000n\000c\000t\000i\000o\000n\000s\000.\000c\000p\000p}{chapter.8}% 92
\BOOKMARK [1][-]{section.8.15}{\376\377\0008\000.\0001\0005\000\040\000S\000l\000i\000d\000i\000n\000g\000T\000i\000l\000e\000s\000F\000u\000n\000c\000t\000i\000o\000n\000s\000.\000h\000p\000p\000\040\000F\000i\000l\000e\000\040\000R\000e\000f\000e\000r\000e\000n\000c\000e}{chapter.8}% 93
\BOOKMARK [2][-]{subsection.8.15.1}{\376\377\0008\000.\0001\0005\000.\0001\000\040\000D\000e\000t\000a\000i\000l\000e\000d\000\040\000D\000e\000s\000c\000r\000i\000p\000t\000i\000o\000n}{section.8.15}% 94
\BOOKMARK [1][-]{section.8.16}{\376\377\0008\000.\0001\0006\000\040\000S\000l\000i\000d\000i\000n\000g\000T\000i\000l\000e\000s\000F\000u\000n\000c\000t\000i\000o\000n\000s\000.\000h\000p\000p}{chapter.8}% 95
\BOOKMARK [1][-]{section.8.17}{\376\377\0008\000.\0001\0007\000\040\000S\000l\000i\000d\000i\000n\000g\000T\000i\000l\000e\000s\000F\000u\000n\000c\000t\000i\000o\000n\000s\000H\000e\000l\000p\000e\000r\000s\000.\000c\000p\000p\000\040\000F\000i\000l\000e\000\040\000R\000e\000f\000e\000r\000e\000n\000c\000e}{chapter.8}% 96
\BOOKMARK [2][-]{subsection.8.17.1}{\376\377\0008\000.\0001\0007\000.\0001\000\040\000D\000e\000t\000a\000i\000l\000e\000d\000\040\000D\000e\000s\000c\000r\000i\000p\000t\000i\000o\000n}{section.8.17}% 97
\BOOKMARK [1][-]{section.8.18}{\376\377\0008\000.\0001\0008\000\040\000S\000l\000i\000d\000i\000n\000g\000T\000i\000l\000e\000s\000F\000u\000n\000c\000t\000i\000o\000n\000s\000H\000e\000l\000p\000e\000r\000s\000.\000c\000p\000p}{chapter.8}% 98
\BOOKMARK [1][-]{section.8.19}{\376\377\0008\000.\0001\0009\000\040\000S\000l\000i\000d\000i\000n\000g\000T\000i\000l\000e\000s\000F\000u\000n\000c\000t\000i\000o\000n\000s\000H\000e\000l\000p\000e\000r\000s\000.\000h\000p\000p\000\040\000F\000i\000l\000e\000\040\000R\000e\000f\000e\000r\000e\000n\000c\000e}{chapter.8}% 99
\BOOKMARK [2][-]{subsection.8.19.1}{\376\377\0008\000.\0001\0009\000.\0001\000\040\000D\000e\000t\000a\000i\000l\000e\000d\000\040\000D\000e\000s\000c\000r\000i\000p\000t\000i\000o\000n}{section.8.19}% 100
\BOOKMARK [1][-]{section.8.20}{\376\377\0008\000.\0002\0000\000\040\000S\000l\000i\000d\000i\000n\000g\000T\000i\000l\000e\000s\000F\000u\000n\000c\000t\000i\000o\000n\000s\000H\000e\000l\000p\000e\000r\000s\000.\000h\000p\000p}{chapter.8}% 101
\BOOKMARK [1][-]{section.8.21}{\376\377\0008\000.\0002\0001\000\040\000U\000s\000e\000r\000F\000u\000n\000c\000t\000i\000o\000n\000s\000.\000c\000p\000p\000\040\000F\000i\000l\000e\000\040\000R\000e\000f\000e\000r\000e\000n\000c\000e}{chapter.8}% 102
\BOOKMARK [2][-]{subsection.8.21.1}{\376\377\0008\000.\0002\0001\000.\0001\000\040\000D\000e\000t\000a\000i\000l\000e\000d\000\040\000D\000e\000s\000c\000r\000i\000p\000t\000i\000o\000n}{section.8.21}% 103
\BOOKMARK [1][-]{section.8.22}{\376\377\0008\000.\0002\0002\000\040\000U\000s\000e\000r\000F\000u\000n\000c\000t\000i\000o\000n\000s\000.\000c\000p\000p}{chapter.8}% 104
\BOOKMARK [1][-]{section.8.23}{\376\377\0008\000.\0002\0003\000\040\000U\000s\000e\000r\000F\000u\000n\000c\000t\000i\000o\000n\000s\000.\000h\000p\000p\000\040\000F\000i\000l\000e\000\040\000R\000e\000f\000e\000r\000e\000n\000c\000e}{chapter.8}% 105
\BOOKMARK [2][-]{subsection.8.23.1}{\376\377\0008\000.\0002\0003\000.\0001\000\040\000D\000e\000t\000a\000i\000l\000e\000d\000\040\000D\000e\000s\000c\000r\000i\000p\000t\000i\000o\000n}{section.8.23}% 106
\BOOKMARK [1][-]{section.8.24}{\376\377\0008\000.\0002\0004\000\040\000U\000s\000e\000r\000F\000u\000n\000c\000t\000i\000o\000n\000s\000.\000h\000p\000p}{chapter.8}% 107
\BOOKMARK [1][-]{section.8.25}{\376\377\0008\000.\0002\0005\000\040\000U\000s\000e\000r\000F\000u\000n\000c\000t\000i\000o\000n\000s\000H\000e\000l\000p\000e\000r\000s\000.\000c\000p\000p\000\040\000F\000i\000l\000e\000\040\000R\000e\000f\000e\000r\000e\000n\000c\000e}{chapter.8}% 108
\BOOKMARK [2][-]{subsection.8.25.1}{\376\377\0008\000.\0002\0005\000.\0001\000\040\000D\000e\000t\000a\000i\000l\000e\000d\000\040\000D\000e\000s\000c\000r\000i\000p\000t\000i\000o\000n}{section.8.25}% 109
\BOOKMARK [1][-]{section.8.26}{\376\377\0008\000.\0002\0006\000\040\000U\000s\000e\000r\000F\000u\000n\000c\000t\000i\000o\000n\000s\000H\000e\000l\000p\000e\000r\000s\000.\000c\000p\000p}{chapter.8}% 110
\BOOKMARK [1][-]{section.8.27}{\376\377\0008\000.\0002\0007\000\040\000U\000s\000e\000r\000F\000u\000n\000c\000t\000i\000o\000n\000s\000H\000e\000l\000p\000e\000r\000s\000.\000h\000p\000p\000\040\000F\000i\000l\000e\000\040\000R\000e\000f\000e\000r\000e\000n\000c\000e}{chapter.8}% 111
\BOOKMARK [2][-]{subsection.8.27.1}{\376\377\0008\000.\0002\0007\000.\0001\000\040\000D\000e\000t\000a\000i\000l\000e\000d\000\040\000D\000e\000s\000c\000r\000i\000p\000t\000i\000o\000n}{section.8.27}% 112
\BOOKMARK [1][-]{section.8.28}{\376\377\0008\000.\0002\0008\000\040\000U\000s\000e\000r\000F\000u\000n\000c\000t\000i\000o\000n\000s\000H\000e\000l\000p\000e\000r\000s\000.\000h\000p\000p}{chapter.8}% 113
